// Jest Snapshot v1, https://goo.gl/fbAQLP

exports[`Indecision component debe de hacer match con el snapshot 1`] = `
<h1>Indesicion</h1>
<!--v-if-->
<div class="bg-dark"></div>
<div class="indecision-container"><input type="text" placeholder="Realiza una pregunta">
  <p><b>Nota: Recuerda poner un signo de admiraci√≥n al final (?).</b></p>
  <!--v-if-->
</div>
`;
